warning: unused import: `super::types::*`
  --> libs/mem_btree/src/persist/num_ser.rs:99:9
   |
99 |     use super::types::*;
   |         ^^^^^^^^^^^^^^^
   |
   = note: `#[warn(unused_imports)]` on by default

warning: unused variable: `i`
  --> libs/mem_btree/src/persist/writer.rs:68:14
   |
68 |         for (i, item) in iter.enumerate() {
   |              ^ help: if this is intentional, prefix it with an underscore: `_i`
   |
   = note: `#[warn(unused_variables)]` on by default

warning: `mem_btree` (lib) generated 2 warnings (run `cargo fix --lib -p mem_btree` to apply 1 suggestion)
warning: unused import: `Path`
 --> src/partition.rs:2:12
  |
2 |     path::{Path, PathBuf},
  |            ^^^^
  |
  = note: `#[warn(unused_imports)]` on by default

warning: unused imports: `self`, `self`, and `self`
  --> src/partition.rs:15:15
   |
15 |     segment::{self, Segment},
   |               ^^^^
16 |     utils::{
17 |         self, arrow_utils,
   |         ^^^^
18 |         error::{self, CoreError, CoreResult},
   |                 ^^^^

warning: unused import: `SchemaRef`
  --> src/segment/mod.rs:16:34
   |
16 |     datatypes::{DataType, Field, SchemaRef},
   |                                  ^^^^^^^^^

warning: unused import: `crate::segment::field_store::InvertedIndex`
   --> src/segment/mod.rs:771:13
    |
771 |         use crate::segment::field_store::InvertedIndex;
    |             ^^^^^^^^^^^^^^^^^^^^^^^^^^^^^^^^^^^^^^^^^^

warning: unused import: `IndexedParallelIterator`
  --> src/partition.rs:10:19
   |
10 | use rayon::iter::{IndexedParallelIterator, IntoParallelRefIterator, ParallelIterator};
   |                   ^^^^^^^^^^^^^^^^^^^^^^^

warning: unused variable: `deleted`
    --> src/segment/mod.rs:1036:9
     |
1036 |         deleted: &RoaringBitmap,
     |         ^^^^^^^ help: if this is intentional, prefix it with an underscore: `_deleted`
     |
     = note: `#[warn(unused_variables)]` on by default

warning: method `add_field` is never used
  --> src/schema/mod.rs:35:19
   |
34 | impl Schema {
   | ----------- method in this implementation
35 |     pub(crate) fn add_field(&mut self, field: field::FieldOption) {
   |                   ^^^^^^^^^
   |
   = note: `#[warn(dead_code)]` on by default

warning: struct `PartitionUnionExec` is never constructed
   --> src/schema/compute/partition_table_provider.rs:265:8
    |
265 | struct PartitionUnionExec {
    |        ^^^^^^^^^^^^^^^^^^

warning: associated function `new` is never used
   --> src/schema/compute/partition_table_provider.rs:272:8
    |
271 | impl PartitionUnionExec {
    | ----------------------- associated function in this implementation
272 |     fn new(inputs: Vec<Arc<dyn ExecutionPlan>>, schema: SchemaRef) -> Self {
    |        ^^^

warning: enum `FieldIndexMode` is never used
  --> src/segment/mod.rs:32:10
   |
32 | pub enum FieldIndexMode {
   |          ^^^^^^^^^^^^^^

warning: method `mark_batch_as_deleted` is never used
    --> src/segment/mod.rs:1124:8
     |
  52 | impl Segment {
     | ------------ method in this implementation
...
1124 |     fn mark_batch_as_deleted(&self, batch: &RecordBatch) -> RecordBatch {
     |        ^^^^^^^^^^^^^^^^^^^^^

warning: associated function `new` is never used
   --> src/segment/field_store/mod.rs:294:12
    |
293 | impl U32RecordBatchSerializer {
    | ----------------------------- associated function in this implementation
294 |     pub fn new() -> Self {
    |            ^^^

warning: methods `memory_get_ref` and `len` are never used
   --> src/segment/field_store/mod.rs:695:19
    |
561 | impl<K: Clone + PartialOrd + Ord> InvertedIndex<K> {
    | -------------------------------------------------- methods in this implementation
...
695 |     pub(crate) fn memory_get_ref(&self, k: &K) -> Option<&Arc<RwLock<Vec<u32>>>> {
    |                   ^^^^^^^^^^^^^^
...
702 |     pub fn len(&self) -> usize {
    |            ^^^

warning: function `encode_roaring_from_u32s` is never used
   --> src/segment/field_store/mod.rs:714:8
    |
714 | pub fn encode_roaring_from_u32s(ids: &[u32]) -> std::io::Result<Vec<u8>> {
    |        ^^^^^^^^^^^^^^^^^^^^^^^^

warning: method `query` is never used
   --> src/segment/field_store/keyword.rs:128:12
    |
 32 | impl Keyword {
    | ------------ method in this implementation
...
128 |     pub fn query(&self, key: &str) -> Option<RoaringBitmap> {
    |            ^^^^^

warning: methods `query` and `range_query` are never used
   --> src/segment/field_store/num_i64.rs:97:12
    |
 27 | impl NumI64 {
    | ----------- methods in this implementation
...
 97 |     pub fn query(&self, value: i64) -> Option<RoaringBitmap> {
    |            ^^^^^
...
109 |     pub fn range_query(
    |            ^^^^^^^^^^^

warning: unused `Result` that must be used
   --> src/partition.rs:236:9
    |
236 |         self.persist_notify.send(self.id);
    |         ^^^^^^^^^^^^^^^^^^^^^^^^^^^^^^^^^
    |
    = note: this `Result` may be an `Err` variant, which should be handled
    = note: `#[warn(unused_must_use)]` on by default
help: use `let _ = ...` to ignore the resulting value
    |
236 |         let _ = self.persist_notify.send(self.id);
    |         +++++++

warning: `calm` (lib) generated 17 warnings (run `cargo fix --lib -p calm` to apply 4 suggestions)
   Compiling calm v0.1.0 (/Users/sunjian11/rustworkspace/calmcore)
    Finished `release` profile [optimized] target(s) in 10.88s
     Running `target/release/examples/benchmark_query`
=== Query Performance Benchmark (Disk-based: Parquet) ===

This benchmark compares Calm and DataFusion reading from Parquet files.

Generating 10,000,000 records (10 segments × 1M records)...

Creating Calm partition data...
Creating Parquet file...
Flushing segment 0 with 1000000 records
  ✓ Inserted 1000000 records, flushing segment...
  Inserted 100 / 1000 batches (1000000 records)
  [Background] Partition 1 needs persistence
